// Jest Snapshot v1, https://goo.gl/fbAQLP

exports[`UsersGridLayoutMessage shallowly renders and matches snapshot 1`] = `
<WithStyles(ForwardRef(Grid))
  alignItems="center"
  container={true}
  justify="center"
  spacing={4}
>
  <WithStyles(ForwardRef(Grid))
    item={true}
  >
    <WithStyles(ForwardRef(Typography))
      color="textSecondary"
      variant="h4"
    >
      Hello world
    </WithStyles(ForwardRef(Typography))>
  </WithStyles(ForwardRef(Grid))>
</WithStyles(ForwardRef(Grid))>
`;
